Table 2 (1FA sufficiency):
[P]: 27
[K][P]: 10
[E][K][P]: 2
[E][K][P][S]: 2
[E][P]: 2
[E][P][S]: 2
[P][S]: 2
[K][P][S]: 1
[S]: 1
Table 2 (1FA necessity):
[E][K][P][S]: 49
[E][K][P]: 41
[K][P][S]: 41
[K][P]: 37
[E][P][S]: 34
[P][S]: 30
[E][P]: 29
[P]: 27
[E][K][S]: 1
[E][S]: 1
[K][S]: 1
[S]: 1
