Table 9 (2FA vs Kmap2FA factor sets):
Factors: woReset
{A, E, P, S}: 100.0% (33)
{A, E, P}: 90.9% (30)
{A, P, S}: 97.0% (32)
{A, P}: 78.8% (26)
{E, P, S}: 84.8% (28)
{E, P}: 36.4% (12)
{P, S}: 81.8% (27)
=======
Factors: woReset: wReset
{A, E, K, P, S}: 100.0% (33); 100.0% (33)
{A, E, K, S}: 42.4% (14); 100.0% (33)
{A, E, K}: 42.4% (14); 87.9% (29)
{A, E, P, S}: 100.0% (33); 100.0% (33)
{A, E, S}: 6.1% (2); 100.0% (33)
{A, E}: 3.0% (1); 81.8% (27)
{A, K, S}: 42.4% (14); 69.7% (23)
{A, K}: 42.4% (14); 48.5% (16)
{A, S}: 3.0% (1); 48.5% (16)
{A}: 0.0% (0); 6.1% (2)
{E, K, S}: 42.4% (14); 81.8% (27)
{E, K}: 30.3% (10); 45.5% (15)
{E, S}: 6.1% (2); 75.8% (25)
{E}: 0.0% (0); 18.2% (6)
{K, P}: 30.3% (10); 30.3% (10)
{K, S}: 42.4% (14); 60.6% (20)
{K}: 30.3% (10); 30.3% (10)
{S}: 0.0% (0); 27.3% (9)
