Expected Output for Claim 6

This directory contains the expected output for Claim 6 verification.

Contents:
- output.txt: Expected console output when running ./run.sh

Validation:
Compare the output of ./run.sh against output.txt to verify the claim.
The output should match exactly for successful artifact verification.

Related Paper Tables: Table 7 (1FA vs Kmap1FA factor analysis)