Expected Output for Claim 7

This directory contains the expected output for Claim 7 verification.

Contents:
- output.txt: Expected console output when running ./run.sh

Validation:
Compare the output of ./run.sh against output.txt to verify the claim.
The output should match exactly for successful artifact verification.

Related Paper Tables: Table 8 (Kmap2FA sufficiency analysis)