Table 4 (2FA sufficiency):
[AP][PS]: 5
[AP]: 4
[AP][EP][PS]: 4
[AP][K][PS]: 4
[AK][AP][KS][PS]: 3
[AP][EP][K][PS]: 3
[PS]: 3
[EP][PS]: 2
[AE][AK][AP][ES][KS][PS]: 1
[AP][AS][EP][ES][K][PS]: 1
[AP][K]: 1
[EP]: 1
[EP][K][PS]: 1
Table 4 (2FA necessity):
[A][E][K][P]: 33
[A][E][K][P][S]: 33
[A][E][K][S]: 33
[A][K][P][S]: 33
[E][K][P][S]: 33
[E][K][P]: 32
[K][P][S]: 32
[A][K][P]: 31
[K][P]: 31
[A][E][P][S]: 23
[A][E][S]: 23
[A][P][S]: 23
[A][K][S]: 21
[A][E][P]: 19
[A][P]: 19
[E][P]: 19
[E][P][S]: 19
[P]: 19
[P][S]: 19
[A][S]: 16
[E][K][S]: 7
[A][E][K]: 6
[E][S]: 6
[A][E]: 5
[A][K]: 5
[A]: 4
[K][S]: 3
[S]: 3
[E]: 1
[E][K]: 1
